../shell/shell.c:35:12:is_character_valid	16	static
../shell/shell.c:40:12:is_string_valid	24	static
../shell/shell.c:69:12:sh_help	48	static
../shell/shell.c:84:12:sh_test_list	40	static
../shell/shell.c:95:9:shell_uart2_transmit	16	static
../shell/shell.c:102:9:shell_uart2_receive	16	static
../shell/shell.c:108:6:HAL_UART_RxCpltCallback	16	static
../shell/shell.c:117:6:loop	4	static
../shell/shell.c:122:6:init_device	8	static
../shell/shell.c:136:12:sh_get_temp	40	static
../shell/shell.c:150:12:sh_get_pres	40	static
../shell/shell.c:172:6:shell_init	24	static
../shell/shell.c:200:5:shell_add	24	static
../shell/shell.c:225:12:shell_exec	64	static
../shell/shell.c:266:5:shell_run	24	static
